[INFO] Scanning for projects...
[INFO] 
[INFO] ------------------< com.ems:EmployeeManagementSystem >------------------
[INFO] Building Employee Management System 1.0-SNAPSHOT
[INFO]   from pom.xml
[INFO] --------------------------------[ war ]---------------------------------
[INFO] 
[INFO] --- clean:3.2.0:clean (default-clean) @ EmployeeManagementSystem ---
[INFO] Deleting C:\Users\HP\Downloads\Folders\Documents\CODES\Lectures\JAVA\Employee_management\target
[INFO] 
[INFO] --- resources:3.3.1:resources (default-resources) @ EmployeeManagementSystem ---
[INFO] Copying 2 resources from src\main\resources to target\classes
[INFO] 
[INFO] --- compiler:3.13.0:compile (default-compile) @ EmployeeManagementSystem ---
[INFO] Recompiling the module because of changed source code.
[INFO] Compiling 35 source files with javac [debug target 1.8] to target\classes
[INFO] -------------------------------------------------------------
[WARNING] COMPILATION WARNING : 
[INFO] -------------------------------------------------------------
[WARNING] bootstrap class path not set in conjunction with -source 8
[WARNING] source value 8 is obsolete and will be removed in a future release
[WARNING] target value 8 is obsolete and will be removed in a future release
[WARNING] To suppress warnings about obsolete options, use -Xlint:-options.
[INFO] 4 warnings 
[INFO] -------------------------------------------------------------
[INFO] -------------------------------------------------------------
[ERROR] COMPILATION ERROR : 
[INFO] -------------------------------------------------------------
[ERROR] /C:/Users/HP/Downloads/Folders/Documents/CODES/Lectures/JAVA/Employee_management/src/main/java/com/ems/util/DBConnection.java:[9,26] class, interface, or enum expected
[ERROR] /C:/Users/HP/Downloads/Folders/Documents/CODES/Lectures/JAVA/Employee_management/src/main/java/com/ems/util/DBConnection.java:[10,26] class, interface, or enum expected
[ERROR] /C:/Users/HP/Downloads/Folders/Documents/CODES/Lectures/JAVA/Employee_management/src/main/java/com/ems/util/DBConnection.java:[11,26] class, interface, or enum expected
[ERROR] /C:/Users/HP/Downloads/Folders/Documents/CODES/Lectures/JAVA/Employee_management/src/main/java/com/ems/util/DBConnection.java:[11,77] <identifier> expected
[ERROR] /C:/Users/HP/Downloads/Folders/Documents/CODES/Lectures/JAVA/Employee_management/src/main/java/com/ems/util/DBConnection.java:[13,12] class, interface, or enum expected
[ERROR] /C:/Users/HP/Downloads/Folders/Documents/CODES/Lectures/JAVA/Employee_management/src/main/java/com/ems/util/DBConnection.java:[14,60] <identifier> expected
[ERROR] /C:/Users/HP/Downloads/Folders/Documents/CODES/Lectures/JAVA/Employee_management/src/main/java/com/ems/util/DBConnection.java:[15,13] illegal start of type
[ERROR] /C:/Users/HP/Downloads/Folders/Documents/CODES/Lectures/JAVA/Employee_management/src/main/java/com/ems/util/DBConnection.java:[15,22] <identifier> expected
[ERROR] /C:/Users/HP/Downloads/Folders/Documents/CODES/Lectures/JAVA/Employee_management/src/main/java/com/ems/util/DBConnection.java:[17,15] illegal start of type
[ERROR] /C:/Users/HP/Downloads/Folders/Documents/CODES/Lectures/JAVA/Employee_management/src/main/java/com/ems/util/DBConnection.java:[20,26] <identifier> expected
[ERROR] /C:/Users/HP/Downloads/Folders/Documents/CODES/Lectures/JAVA/Employee_management/src/main/java/com/ems/util/DBConnection.java:[20,27] illegal start of type
[ERROR] /C:/Users/HP/Downloads/Folders/Documents/CODES/Lectures/JAVA/Employee_management/src/main/java/com/ems/util/DBConnection.java:[21,11] class, interface, or enum expected
[ERROR] /C:/Users/HP/Downloads/Folders/Documents/CODES/Lectures/JAVA/Employee_management/src/main/java/com/ems/util/DBConnection.java:[23,9] class, interface, or enum expected
[ERROR] /C:/Users/HP/Downloads/Folders/Documents/CODES/Lectures/JAVA/Employee_management/src/main/java/com/ems/util/DBConnection.java:[26,19] class, interface, or enum expected
[ERROR] /C:/Users/HP/Downloads/Folders/Documents/CODES/Lectures/JAVA/Employee_management/src/main/java/com/ems/util/DBConnection.java:[28,9] class, interface, or enum expected
[ERROR] /C:/Users/HP/Downloads/Folders/Documents/CODES/Lectures/JAVA/Employee_management/src/main/java/com/ems/util/DBConnection.java:[29,9] class, interface, or enum expected
[ERROR] /C:/Users/HP/Downloads/Folders/Documents/CODES/Lectures/JAVA/Employee_management/src/main/java/com/ems/util/DBConnection.java:[31,9] class, interface, or enum expected
[ERROR] /C:/Users/HP/Downloads/Folders/Documents/CODES/Lectures/JAVA/Employee_management/src/main/java/com/ems/util/DBConnection.java:[33,9] class, interface, or enum expected
[ERROR] /C:/Users/HP/Downloads/Folders/Documents/CODES/Lectures/JAVA/Employee_management/src/main/java/com/ems/util/DBConnection.java:[35,13] class, interface, or enum expected
[ERROR] /C:/Users/HP/Downloads/Folders/Documents/CODES/Lectures/JAVA/Employee_management/src/main/java/com/ems/util/DBConnection.java:[36,9] class, interface, or enum expected
[ERROR] /C:/Users/HP/Downloads/Folders/Documents/CODES/Lectures/JAVA/Employee_management/src/main/java/com/ems/util/DBConnection.java:[39,19] class, interface, or enum expected
[ERROR] /C:/Users/HP/Downloads/Folders/Documents/CODES/Lectures/JAVA/Employee_management/src/main/java/com/ems/util/DBConnection.java:[43,13] class, interface, or enum expected
[ERROR] /C:/Users/HP/Downloads/Folders/Documents/CODES/Lectures/JAVA/Employee_management/src/main/java/com/ems/util/DBConnection.java:[45,13] class, interface, or enum expected
[INFO] 23 errors 
[INFO] -------------------------------------------------------------
[INFO] ------------------------------------------------------------------------
[INFO] BUILD FAILURE
[INFO] ------------------------------------------------------------------------
[INFO] Total time:  1.436 s
[INFO] Finished at: 2026-03-03T10:26:57+02:00
[INFO] ------------------------------------------------------------------------
[ERROR] Failed to execute goal org.apache.maven.plugins:maven-compiler-plugin:3.13.0:compile (default-compile) on project EmployeeManagementSystem: Compilation failure: Compilation failure: 
[ERROR] /C:/Users/HP/Downloads/Folders/Documents/CODES/Lectures/JAVA/Employee_management/src/main/java/com/ems/util/DBConnection.java:[9,26] class, interface, or enum expected
[ERROR] /C:/Users/HP/Downloads/Folders/Documents/CODES/Lectures/JAVA/Employee_management/src/main/java/com/ems/util/DBConnection.java:[10,26] class, interface, or enum expected
[ERROR] /C:/Users/HP/Downloads/Folders/Documents/CODES/Lectures/JAVA/Employee_management/src/main/java/com/ems/util/DBConnection.java:[11,26] class, interface, or enum expected
[ERROR] /C:/Users/HP/Downloads/Folders/Documents/CODES/Lectures/JAVA/Employee_management/src/main/java/com/ems/util/DBConnection.java:[11,77] <identifier> expected
[ERROR] /C:/Users/HP/Downloads/Folders/Documents/CODES/Lectures/JAVA/Employee_management/src/main/java/com/ems/util/DBConnection.java:[13,12] class, interface, or enum expected
[ERROR] /C:/Users/HP/Downloads/Folders/Documents/CODES/Lectures/JAVA/Employee_management/src/main/java/com/ems/util/DBConnection.java:[14,60] <identifier> expected
[ERROR] /C:/Users/HP/Downloads/Folders/Documents/CODES/Lectures/JAVA/Employee_management/src/main/java/com/ems/util/DBConnection.java:[15,13] illegal start of type
[ERROR] /C:/Users/HP/Downloads/Folders/Documents/CODES/Lectures/JAVA/Employee_management/src/main/java/com/ems/util/DBConnection.java:[15,22] <identifier> expected
[ERROR] /C:/Users/HP/Downloads/Folders/Documents/CODES/Lectures/JAVA/Employee_management/src/main/java/com/ems/util/DBConnection.java:[17,15] illegal start of type
[ERROR] /C:/Users/HP/Downloads/Folders/Documents/CODES/Lectures/JAVA/Employee_management/src/main/java/com/ems/util/DBConnection.java:[20,26] <identifier> expected
[ERROR] /C:/Users/HP/Downloads/Folders/Documents/CODES/Lectures/JAVA/Employee_management/src/main/java/com/ems/util/DBConnection.java:[20,27] illegal start of type
[ERROR] /C:/Users/HP/Downloads/Folders/Documents/CODES/Lectures/JAVA/Employee_management/src/main/java/com/ems/util/DBConnection.java:[21,11] class, interface, or enum expected
[ERROR] /C:/Users/HP/Downloads/Folders/Documents/CODES/Lectures/JAVA/Employee_management/src/main/java/com/ems/util/DBConnection.java:[23,9] class, interface, or enum expected
[ERROR] /C:/Users/HP/Downloads/Folders/Documents/CODES/Lectures/JAVA/Employee_management/src/main/java/com/ems/util/DBConnection.java:[26,19] class, interface, or enum expected
[ERROR] /C:/Users/HP/Downloads/Folders/Documents/CODES/Lectures/JAVA/Employee_management/src/main/java/com/ems/util/DBConnection.java:[28,9] class, interface, or enum expected
[ERROR] /C:/Users/HP/Downloads/Folders/Documents/CODES/Lectures/JAVA/Employee_management/src/main/java/com/ems/util/DBConnection.java:[29,9] class, interface, or enum expected
[ERROR] /C:/Users/HP/Downloads/Folders/Documents/CODES/Lectures/JAVA/Employee_management/src/main/java/com/ems/util/DBConnection.java:[31,9] class, interface, or enum expected
[ERROR] /C:/Users/HP/Downloads/Folders/Documents/CODES/Lectures/JAVA/Employee_management/src/main/java/com/ems/util/DBConnection.java:[33,9] class, interface, or enum expected
[ERROR] /C:/Users/HP/Downloads/Folders/Documents/CODES/Lectures/JAVA/Employee_management/src/main/java/com/ems/util/DBConnection.java:[35,13] class, interface, or enum expected
[ERROR] /C:/Users/HP/Downloads/Folders/Documents/CODES/Lectures/JAVA/Employee_management/src/main/java/com/ems/util/DBConnection.java:[36,9] class, interface, or enum expected
[ERROR] /C:/Users/HP/Downloads/Folders/Documents/CODES/Lectures/JAVA/Employee_management/src/main/java/com/ems/util/DBConnection.java:[39,19] class, interface, or enum expected
[ERROR] /C:/Users/HP/Downloads/Folders/Documents/CODES/Lectures/JAVA/Employee_management/src/main/java/com/ems/util/DBConnection.java:[43,13] class, interface, or enum expected
[ERROR] /C:/Users/HP/Downloads/Folders/Documents/CODES/Lectures/JAVA/Employee_management/src/main/java/com/ems/util/DBConnection.java:[45,13] class, interface, or enum expected
[ERROR] -> [Help 1]
[ERROR] 
[ERROR] To see the full stack trace of the errors, re-run Maven with the -e switch.
[ERROR] Re-run Maven using the -X switch to enable full debug logging.
[ERROR] 
[ERROR] For more information about the errors and possible solutions, please read the following articles:
[ERROR] [Help 1] http://cwiki.apache.org/confluence/display/MAVEN/MojoFailureException
